// Jest Snapshot v1, https://goo.gl/fbAQLP

exports[`expect to render cart item 1`] = `ShallowWrapper {}`;
